// Jest Snapshot v1, https://goo.gl/fbAQLP

exports[`SourceTypes Should have specific sourceFilterFields properties: sourceFilterFields 1`] = `
Array [
  Object {
    "filterType": "text",
    "id": "search_by_name",
    "placeholder": "Filter by Name",
    "title": "Name",
  },
  Object {
    "filterType": "text",
    "id": "search_credentials_by_name",
    "placeholder": "Filter by Credential Name",
    "title": "Credential",
  },
  Object {
    "filterType": "select",
    "filterValues": Array [
      Object {
        "id": "network",
        "title": "Network",
      },
      Object {
        "id": "satellite",
        "title": "Satellite",
      },
      Object {
        "id": "vcenter",
        "title": "VCenter",
      },
    ],
    "id": "source_type",
    "placeholder": "Filter by Source Type",
    "title": "Source Type",
  },
]
`;

exports[`SourceTypes Should have specific sourceSortFields properties: sourceSortFields 1`] = `
Array [
  Object {
    "id": "name",
    "isNumeric": false,
    "title": "Name",
  },
  Object {
    "id": "source_type",
    "isNumeric": false,
    "title": "Source Type",
  },
  Object {
    "id": "most_recent_connect_scan__start_time",
    "isNumeric": true,
    "sortAscending": false,
    "title": "Most Recent",
  },
]
`;
