// Jest Snapshot v1, https://goo.gl/fbAQLP

exports[`ServiceConfig should have specific properties and methods: specific props and methods 1`] = `
Array [
  "serviceCall",
  "globalXhrTimeout",
  "serviceConfig",
  "authHeader",
]
`;
