// Jest Snapshot v1, https://goo.gl/fbAQLP

exports[`CreateCredentialDialog Component should render a connected component: connected 1`] = `
<div
  class="pf-c-backdrop"
>
  <div
    class="pf-l-bullseye"
  >
    <div
      aria-describedby="pf-modal-part-2"
      aria-label="t(modal.aria-label-default)"
      aria-labelledby="pf-modal-part-0"
      aria-modal="true"
      class="pf-c-modal-box pf-m-align-top"
      data-ouia-component-id="OUIA-Generated-Modal-1"
      data-ouia-component-type="PF4/ModalContent"
      data-ouia-safe="true"
      id="pf-modal-part-0"
      role="dialog"
      style="--pf-c-modal-box--m-align-top--spacer: 5%;"
    >
      <button
        aria-disabled="false"
        aria-label="Close"
        class="pf-c-button pf-m-plain"
        data-ouia-component-id="OUIA-Generated-Modal-1-ModalBoxCloseButton"
        data-ouia-component-type="PF4/Button"
        data-ouia-safe="true"
        type="button"
      >
        <svg
          aria-hidden="true"
          fill="currentColor"
          height="1em"
          role="img"
          style="vertical-align: -0.125em;"
          viewBox="0 0 352 512"
          width="1em"
        >
          <path
            d="M242.72 256l100.07-100.07c12.28-12.28 12.28-32.19 0-44.48l-22.24-22.24c-12.28-12.28-32.19-12.28-44.48 0L176 189.28 75.93 89.21c-12.28-12.28-32.19-12.28-44.48 0L9.21 111.45c-12.28 12.28-12.28 32.19 0 44.48L109.28 256 9.21 356.07c-12.28 12.28-12.28 32.19 0 44.48l22.24 22.24c12.28 12.28 32.2 12.28 44.48 0L176 322.72l100.07 100.07c12.28 12.28 32.2 12.28 44.48 0l22.24-22.24c12.28-12.28 12.28-32.19 0-44.48L242.72 256z"
          />
        </svg>
      </button>
      <header
        class="pf-c-modal-box__header"
      >
        <h4
          class="pf-c-title pf-m-md"
          data-ouia-component-id="OUIA-Generated-Title-1"
          data-ouia-component-type="PF4/Title"
          data-ouia-safe="true"
        >
          Add Credential
        </h4>
      </header>
      <div
        class="pf-c-modal-box__body"
        id="pf-modal-part-2"
      >
        <div
          class="container-fluid"
        >
          <form
            class="form-horizontal"
          >
            <div
              class="form-group"
            >
              <label
                class="col-sm-5 control-label"
              >
                Source Type
              </label>
              <div
                class="col-sm-7"
              >
                <input
                  class="quipucords-form-control form-control"
                  readonly=""
                  type="text"
                  value=""
                />
              </div>
            </div>
            <div
              class="form-group"
            >
              <label
                class="col-sm-5 control-label"
              >
                Credential Name
              </label>
              <div
                class="col-sm-7"
              >
                <input
                  class="quipucords-form-control form-control"
                  placeholder="Enter a name for the credential"
                  type="text"
                  value=""
                />
              </div>
            </div>
            <div
              class="form-group"
            >
              <label
                class="col-sm-5 control-label"
              >
                Authentication Type
              </label>
              <div
                class="col-sm-7"
              >
                <div
                  class="quipucords-dropdownselect  dropdown btn-group"
                  name="auth-type-select"
                >
                  <button
                    aria-expanded="false"
                    aria-haspopup="true"
                    class="form-control dropdown-toggle btn btn-default"
                    id="auth-type-select"
                    role="button"
                    type="button"
                  >
                    <span>
                      Username and Password
                    </span>
                     
                    <span
                      class="caret"
                    />
                  </button>
                  <ul
                    aria-labelledby="auth-type-select"
                    class="dropdown-menu"
                    role="menu"
                  >
                    <li
                      class=""
                      role="presentation"
                    >
                      <a
                        href="#"
                        role="menuitem"
                        tabindex="-1"
                      >
                        SSH Key
                      </a>
                    </li>
                    <li
                      class="active"
                      role="presentation"
                    >
                      <a
                        href="#"
                        role="menuitem"
                        tabindex="-1"
                      >
                        Username and Password
                      </a>
                    </li>
                  </ul>
                </div>
              </div>
            </div>
            <div
              class="form-group"
            >
              <label
                class="col-sm-5 control-label"
              >
                Username
              </label>
              <div
                class="col-sm-7"
              >
                <input
                  class="form-control"
                  placeholder="Enter Username"
                  type="text"
                  value=""
                />
              </div>
            </div>
            <div
              class="form-group"
            >
              <label
                class="col-sm-5 control-label"
              >
                Password
              </label>
              <div
                class="col-sm-7"
              >
                <input
                  class="form-control"
                  placeholder="Enter Password"
                  type="password"
                  value=""
                />
              </div>
            </div>
          </form>
        </div>
      </div>
      <footer
        class="pf-c-modal-box__footer"
      >
        <button
          aria-disabled="true"
          class="pf-c-button pf-m-primary pf-m-disabled"
          data-ouia-component-id="OUIA-Generated-Button-primary-1"
          data-ouia-component-type="PF4/Button"
          data-ouia-safe="true"
          disabled=""
          type="button"
        >
          t(form-dialog.label_submit, {"context":"create-credential"})
        </button>
        <button
          aria-disabled="false"
          class="pf-c-button pf-m-secondary"
          data-ouia-component-id="OUIA-Generated-Button-secondary-1"
          data-ouia-component-type="PF4/Button"
          data-ouia-safe="true"
          type="button"
        >
          t(form-dialog.label, {"context":"cancel"})
        </button>
      </footer>
    </div>
  </div>
</div>
`;

exports[`CreateCredentialDialog Component should render a non-connected component: non-connected 1`] = `null`;
