// Jest Snapshot v1, https://goo.gl/fbAQLP

exports[`CredentialsContext should attempt to handle submitting a credential with a toast confirmation: dispatch onSubmit 1`] = `
Array [
  Array [
    Object {
      "payload": Promise {},
      "type": "ADD_CREDENTIAL",
    },
  ],
  Array [
    Array [
      Object {
        "type": "UPDATE_CREDENTIAL_HIDE",
      },
      Object {
        "alertType": "success",
        "header": "t(toast-notifications.title, {\\"context\\":\\"credential\\"})",
        "message": "t(toast-notifications.description, {\\"context\\":\\"credential\\"})",
        "type": "TOAST_ADD",
      },
      Object {
        "type": "RESET_CREDENTIAL_ACTIONS",
      },
      Object {
        "type": "UPDATE_VIEW",
        "viewId": undefined,
      },
    ],
  ],
]
`;

exports[`CredentialsContext should handle credential actions for onEdit, onHide, onAdd: dispatch onEdit 1`] = `
Array [
  Array [
    Object {
      "credential": Object {
        "mockId": "lorem ipsum base id",
        "mockName": "lorem ipsum name",
      },
      "type": "EDIT_CREDENTIAL_SHOW",
    },
  ],
  Array [
    Object {
      "type": "UPDATE_CREDENTIAL_HIDE",
    },
  ],
  Array [
    Array [
      Object {
        "credentialType": "lorem ipsum mock credential type",
        "type": "CREATE_CREDENTIAL_SHOW",
      },
    ],
  ],
]
`;

exports[`CredentialsContext should return specific properties: specific properties 1`] = `
Object {
  "useCredential": [Function],
  "useOnSubmitCredential": [Function],
  "useOnUpdateCredential": [Function],
}
`;
