// Jest Snapshot v1, https://goo.gl/fbAQLP

exports[`ShowScansModal should call onDownload with a report id when clicked: onDownload 1`] = `
[
  [
    67890,
  ],
]
`;

exports[`ShowScansModal should have the correct title: title 1`] = `
<span
  class="pf-v5-c-modal-box__title-text"
>
  t([
  "view.label",
  {
    "context": "scans-names",
    "name": "Lorem ipsum"
  }
])
</span>
`;

exports[`ShowScansModal should render a basic component: basic 1`] = `
<Modal
  actions={[]}
  appendTo={[Function]}
  aria-describedby=""
  aria-label=""
  aria-labelledby=""
  className=""
  hasNoBodyWrapper={false}
  isOpen={true}
  onClose={[Function]}
  ouiaSafe={true}
  position="default"
  showClose={true}
  title="t([
  "view.label",
  {
    "context": "scans-names",
    "name": "Lorem ipsum"
  }
])"
  titleIconVariant={null}
  titleLabel=""
  variant="medium"
>
  <Bullseye>
    <EmptyState>
      <EmptyStateHeader
        headingLevel="h2"
        icon={
          <EmptyStateIcon
            icon={[Function]}
          />
        }
        titleText="Loading scans"
      />
    </EmptyState>
  </Bullseye>
</Modal>
`;
