// Jest Snapshot v1, https://goo.gl/fbAQLP

exports[`ScansSelectors Should map a hosts object to consumable props: scanHostsList 1`] = `
Object {
  "fulfilled": true,
  "hostsList": Array [
    Object {
      "jobType": "connection",
      "name": "192.168.0.1",
      "status": "success",
    },
    Object {
      "jobType": "inspection",
      "name": "192.168.0.1",
      "status": "success",
    },
  ],
  "isMoreResults": true,
}
`;

exports[`ScansSelectors Should map a job object to consumable props and sorted by source: scanJobDetailBySource 1`] = `
Object {
  "scanJobList": Array [
    Object {
      "id": 15,
      "name": "TestSource",
      "sourceType": "network",
    },
  ],
}
`;

exports[`ScansSelectors Should return specific selectors: selectors 1`] = `
Object {
  "makeScanHostsList": [Function],
  "makeScanJobDetailBySource": [Function],
  "makeScanJobsList": [Function],
  "scanHostsList": [Function],
  "scanJobDetailBySource": [Function],
  "scanJobsList": [Function],
}
`;
