// Jest Snapshot v1, https://goo.gl/fbAQLP

exports[`App should render a basic component: basic 1`] = `
<I18n
  locale={null}
>
  <Login>
    <BrowserRouter>
      <AppLayout>
        <AppRoutes />
      </AppLayout>
    </BrowserRouter>
  </Login>
</I18n>
`;
