// Jest Snapshot v1, https://goo.gl/fbAQLP

exports[`Build distribution should match a specific file output: dist-output 1`] = `
[
  "",
]
`;
