// Jest Snapshot v1, https://goo.gl/fbAQLP

exports[`MergeReportsDialog Component should render a connected component: connected 1`] = `
<MergeReportsDialog
  details={false}
  getMergedScanReportDetailsCsv={[Function]}
  getMergedScanReportSummaryCsv={[Function]}
  mergeScans={[Function]}
  scans={
    Array [
      Object {
        "id": 1,
        "mostRecentReportId": 2,
        "mostRecentStatus": "completed",
        "name": "lorem",
      },
      Object {
        "id": 2,
        "mostRecentReportId": 2,
        "mostRecentStatus": "pending",
        "name": "ipsum",
      },
    ]
  }
  show={true}
/>
`;

exports[`MergeReportsDialog Component should render a non-connected component, failure and success: non-connected 1`] = `
<div
  role="dialog"
>
  <div
    class="fade modal-backdrop in"
  />
  <div
    class="fade in modal"
    role="dialog"
    style="display: block; padding-right: 0px;"
    tabindex="-1"
  >
    <div
      class="modal-dialog"
    >
      <div
        class="modal-content"
        role="document"
      >
        <div
          class="modal-header"
        >
          <button
            aria-hidden="true"
            aria-label="Close"
            class="close"
            type="button"
          >
            <span
              aria-hidden="true"
              class="pficon pficon-close"
            />
          </button>
          <h4
            class="modal-title"
          >
            Detailed Merge Report
          </h4>
        </div>
        <div
          class="modal-body"
        >
          <div
            class="merge-reports-body"
          >
            <span
              class="merge-reports-icon"
            >
              <span
                aria-hidden="true"
                class="pficon pficon-error-circle-o"
              />
            </span>
            <span>
              <h3
                class="merge-reports-heading"
              >
                This action is invalid. You must select at least two scans with successful most recent scans.
              </h3>
              <div>
                <div>
                  <span>
                    Scans to be included in the merged report:
                  </span>
                  <ul>
                    <li>
                      lorem
                    </li>
                  </ul>
                </div>
                <div>
                  <span>
                    Failed scans that cannot be included in the merged report:
                  </span>
                  <ul>
                    <li>
                      ipsum
                    </li>
                  </ul>
                </div>
              </div>
            </span>
          </div>
        </div>
        <div
          class="modal-footer"
        >
          <button
            class="btn-cancel btn btn-default"
            type="button"
          >
            Cancel
          </button>
          <button
            class="btn btn-primary"
            disabled=""
            type="submit"
          >
            Merge
          </button>
        </div>
      </div>
    </div>
  </div>
</div>
`;
