// Jest Snapshot v1, https://goo.gl/fbAQLP

exports[`I18n should attempt to update locale: locale 1`] = `
[
  [
    "dolor-Sit",
  ],
]
`;

exports[`I18n should render a basic component: basic 1`] = `"Lorem ipsum"`;
