// Jest Snapshot v1, https://goo.gl/fbAQLP

exports[`Confirmation Modal Component should NOT display a confirmation modal: hidden 1`] = `null`;

exports[`Confirmation Modal Component should display a confirmation modal: show 1`] = `
<div
  role="dialog"
>
  <div
    class="fade modal-backdrop in"
  />
  <div
    aria-describedby=""
    aria-labelledby=""
    aria-modal="true"
    class="fade message-dialog-pf in modal"
    role="dialog"
    style="display: block; padding-right: 0px;"
    tabindex="-1"
  >
    <div
      class="modal-dialog"
    >
      <div
        class="modal-content"
        role="document"
      >
        <div
          class="modal-header"
        >
          <button
            class="close"
          >
            <span
              aria-hidden="true"
              class="pficon pficon-close"
              title="Close"
            />
            <span
              class="sr-only"
            >
              Close
            </span>
          </button>
          <h4
            class="modal-title"
            id=""
          >
            Confirm
          </h4>
        </div>
        <div
          class="modal-body"
        >
          <div
            id=""
          >
            <p>
              test
            </p>
            <p>
              Test body
            </p>
          </div>
        </div>
        <div
          class="modal-footer"
        >
          <button
            class="btn btn-default"
            type="button"
          >
            Cancel
          </button>
          <button
            class="btn btn-primary"
            type="button"
          >
            Confirm
          </button>
        </div>
      </div>
    </div>
  </div>
</div>
`;

exports[`Confirmation Modal Component should render a connected component: connected 1`] = `
<MessageDialog
  accessibleDescription=""
  accessibleName=""
  className=""
  enforceFocus={true}
  footer={null}
  icon={null}
  onHide={[Function]}
  primaryAction={[Function]}
  primaryActionButtonBsStyle="primary"
  primaryActionButtonContent="Confirm"
  primaryContent={
    <p>
      test
    </p>
  }
  secondaryAction={[Function]}
  secondaryActionButtonBsStyle="default"
  secondaryActionButtonContent="Cancel"
  secondaryContent={
    <p>
      Test body
    </p>
  }
  show={true}
  title="Confirm"
/>
`;
