// Jest Snapshot v1, https://goo.gl/fbAQLP

exports[`CredentialsActions Should return response content for getCredential method: getCredential 1`] = `"GET_CREDENTIAL_FULFILLED"`;
