// Jest Snapshot v1, https://goo.gl/fbAQLP

exports[`App should render: app 1`] = `
[
  <div>
    hello world
  </div>,
]
`;
