// Jest Snapshot v1, https://goo.gl/fbAQLP

exports[`ScanHostList Component should render a connected component: connected 1`] = `
<ScanHostList
  error={false}
  errorMessage={null}
  filter={
    Object {
      "lorem": "ipsum",
    }
  }
  getConnectionScanResults={[Function]}
  getInspectionScanResults={[Function]}
  hostsList={Array []}
  id={1}
  isMoreResults={false}
  pending={false}
  useConnectionResults={true}
  useInspectionResults={true}
>
  <Component />
</ScanHostList>
`;

exports[`ScanHostList Component should render a non-connected component error: error 1`] = `
<EmptyState
  className=""
>
  <EmptyStateIcon
    className=""
    name="error-circle-o"
    type="pf"
  />
  <EmptyStateTitle
    className=""
  >
    Error retrieving scan results
  </EmptyStateTitle>
  <EmptyStateInfo
    className=""
  >
    Lorem Ipsum.
  </EmptyStateInfo>
</EmptyState>
`;

exports[`ScanHostList Component should render a non-connected component pending: pending 1`] = `
<EmptyState
  className=""
>
  <Spinner
    className="blank-slate-pf-icon"
    inline={false}
    inverse={false}
    loading={true}
    size="sm"
  />
  <EmptyStateTitle
    className=""
  >
    Loading...
  </EmptyStateTitle>
</EmptyState>
`;

exports[`ScanHostList Component should render a non-connected component: non-connected 1`] = `
<div
  class="quipucords-infinite-results"
>
  <div
    class="quipucords-infinite-list container-fluid"
  >
    {"credentialName":"dolor","jobType":"connection","name":"lorem","sourceId":15,"sourceName":"lorem source"}{"credentialName":"set","jobType":"inspection","name":"ipsum","sourceId":16,"sourceName":"ipsum source"}
  </div>
</div>
`;
